22:38:53.868 [main                     ] DEBUG Logger               - Configured Logger
22:38:53.905 [main                     ] DEBUG GameApplication      - Logging settings
Title: Hex Strategy
Version: 0.0
Width: 1280
Height: 720
Fullscreen: true
Intro: false
Profiling: false
Single step:false
App Mode: DEVELOPER
Menu Key: ESCAPE
Stage Style: DECORATED
Scene Factory: class com.almasb.fxgl.app.scene.SceneFactory

22:38:55.534 [JavaFX Application Thread] DEBUG FXGLApplication      - Initializing FXGL
22:38:55.538 [JavaFX Application Thread] INFO  Engine               - FXGL-17.3 (30.03.2023 11.49) on WINDOWS (J:23.0.2 FX:17.0.6)
22:38:55.539 [JavaFX Application Thread] DEBUG Engine               - JRE Vendor Name: Oracle Corporation
22:38:55.539 [JavaFX Application Thread] DEBUG Engine               - Running on OS: Windows 11 version 10.0
22:38:55.539 [JavaFX Application Thread] DEBUG Engine               - Architecture: amd64
22:38:55.539 [JavaFX Application Thread] INFO  Engine               - Source code and latest versions at: https://github.com/AlmasB/FXGL
22:38:55.539 [JavaFX Application Thread] INFO  Engine               -       Ask questions and discuss at: https://github.com/AlmasB/FXGL/discussions
22:38:55.539 [JavaFX Application Thread] INFO  Engine               -              Join the FXGL chat at: https://gitter.im/AlmasB/FXGL
22:38:55.652 [JavaFX Application Thread] DEBUG PrimaryStageWindow   - Creating a JavaFX scene
22:38:55.704 [JavaFX Application Thread] DEBUG PrimaryStageWindow   - Target settings size: 1280.0 x 720.0
22:38:55.704 [JavaFX Application Thread] DEBUG PrimaryStageWindow   - Scaled scene size:    1280.0 x 720.0
22:38:55.704 [JavaFX Application Thread] DEBUG PrimaryStageWindow   - Scaled ratio: (1.0, 1.0)
22:38:55.707 [JavaFX Application Thread] DEBUG PrimaryStageWindow   - Set initial scene to FXGLStartupScene
22:38:55.715 [JavaFX Application Thread] DEBUG PrimaryStageWindow   - Opening main window
22:38:55.807 [JavaFX Application Thread] DEBUG PrimaryStageWindow   - Window border size: (16.0, 39.0)
22:38:55.807 [JavaFX Application Thread] DEBUG PrimaryStageWindow   - Scaled size: 1280.0 x 720.0
22:38:55.807 [JavaFX Application Thread] DEBUG PrimaryStageWindow   - Scaled ratio: (1.0, 1.0)
22:38:55.807 [JavaFX Application Thread] DEBUG PrimaryStageWindow   - Scene size: 1280.0 x 720.0
22:38:55.807 [JavaFX Application Thread] DEBUG PrimaryStageWindow   - Stage size: 1296.0 x 759.0
22:38:55.820 [FXGL Background Thread 1 ] DEBUG Engine               - Initializing environment variables
22:38:55.950 [FXGL Background Thread 1 ] DEBUG FXGLAssetLoaderServi - User app class for loading assets: class org.example.hexgame.HexStrategy
22:38:55.951 [FXGL Background Thread 1 ] DEBUG GameApplicationServi - Applying CSS: fxgl_dark.css
22:38:55.951 [FXGL Background Thread 1 ] DEBUG FXGLAssetLoaderServi - Loading from file system: jar:file:///C:/Users/Admin/.m2/repository/com/github/almasb/fxgl/17.3/fxgl-17.3.jar!/fxglassets/ui/css/fxgl_dark.css
22:38:56.022 [FXGL Background Thread 1 ] DEBUG GameApplicationServi - Initializing application scenes
22:38:56.106 [FXGL Background Thread 1 ] DEBUG GameWorld            - Game world initialized
22:38:56.189 [FXGL Background Thread 1 ] DEBUG PhysicsWorld         - Physics world initialized: appHeight=720, physics.ppm=50,0
22:38:56.190 [FXGL Background Thread 1 ] DEBUG PhysicsWorld         - Using strategy: BRUTE_FORCE
22:38:56.195 [FXGL Background Thread 1 ] DEBUG GameScene            - Game scene initialized: 1280x720
22:38:56.207 [FXGL Background Thread 1 ] DEBUG FXGL.DefaultMenu     - createMenuBodyGameMenu()
22:38:56.222 [FXGL Background Thread 1 ] DEBUG FXGL.DefaultMenu     - createOptionsMenu()
22:38:56.234 [FXGL Background Thread 1 ] DEBUG FXGLAssetLoaderServi - Loading from file system: jar:file:///C:/Users/Admin/.m2/repository/com/github/almasb/fxgl/17.3/fxgl-17.3.jar!/fxglassets/textures/particles/smoke.png
22:38:56.375 [FXGL Background Thread 1 ] DEBUG FXGLAssetLoaderServi - Loading from file system: jar:file:///C:/Users/Admin/.m2/repository/com/github/almasb/fxgl/17.3/fxgl-17.3.jar!/fxglassets/textures/particles/trace_horizontal.png
22:38:56.409 [FXGL Background Thread 1 ] DEBUG GameApplicationServi - Application scenes initialized
22:38:56.428 [FXGL Background Thread 1 ] DEBUG SystemBundleService  - Loading FXGL system data
22:38:56.433 [FXGL Background Thread 1 ] DEBUG FileSystemAccess     - Reading from: C:\Users\Admin\Desktop\HexGame\system\fxgl.bundle
22:38:56.442 [FXGL Background Thread 1 ] DEBUG SystemBundleService  - Bundle FXGL: {}
22:38:56.442 [FXGL Background Thread 1 ] DEBUG UpdaterService       - Checking for updates
22:38:56.447 [FXGL Background Thread 4 ] DEBUG FXGLApplication      - Loading fonts
22:38:56.448 [FXGL Background Thread 4 ] DEBUG FXGLAssetLoaderServi - Loading from file system: jar:file:///C:/Users/Admin/.m2/repository/com/github/almasb/fxgl/17.3/fxgl-17.3.jar!/fxglassets/ui/fonts/VarelaRound-Regular.ttf
22:38:56.448 [FXGL Background Thread 1 ] DEBUG FXGLApplication      - Loading default localization
22:38:56.448 [FXGL Background Thread 1 ] DEBUG FXGLAssetLoaderServi - Loading from file system: jar:file:///C:/Users/Admin/.m2/repository/com/github/almasb/fxgl/17.3/fxgl-17.3.jar!/fxglassets/languages/russian.lang
22:38:56.487 [FXGL Background Thread 1 ] INFO  FXGLApplication      - FXGL initialization took: 0,668 sec
22:38:56.490 [FXGL Background Thread 4 ] DEBUG FXGLAssetLoaderServi - Loading from file system: jar:file:///C:/Users/Admin/.m2/repository/com/github/almasb/fxgl/17.3/fxgl-17.3.jar!/fxglassets/ui/fonts/Abel-Regular.ttf
22:38:56.494 [FXGL Background Thread 4 ] DEBUG FXGLAssetLoaderServi - Loading from file system: jar:file:///C:/Users/Admin/.m2/repository/com/github/almasb/fxgl/17.3/fxgl-17.3.jar!/fxglassets/ui/fonts/TerminalLandMono-Regular.otf
22:38:56.499 [FXGL Background Thread 4 ] DEBUG FXGLAssetLoaderServi - Loading from file system: jar:file:///C:/Users/Admin/.m2/repository/com/github/almasb/fxgl/17.3/fxgl-17.3.jar!/fxglassets/ui/fonts/Courier-Prime.ttf
22:38:56.504 [JavaFX Application Thread] DEBUG Input                - Registered new binding: action0 - S
22:38:56.505 [JavaFX Application Thread] DEBUG Input                - Registered new binding: action1 - W
22:38:56.505 [JavaFX Application Thread] DEBUG Input                - Registered new binding: action2 - D
22:38:56.505 [JavaFX Application Thread] DEBUG Input                - Registered new binding: action3 - A
22:38:56.506 [JavaFX Application Thread] DEBUG Input                - Registered new binding: action4 - Q
22:38:56.507 [JavaFX Application Thread] DEBUG Input                - Registered new binding: action5 - E
22:38:56.507 [JavaFX Application Thread] DEBUG Input                - Registered new binding: action6 - R
22:38:56.507 [JavaFX Application Thread] DEBUG FXGLAssetLoaderServi - Loading from file system: jar:file:///C:/Users/Admin/.m2/repository/com/github/almasb/fxgl/17.3/fxgl-17.3.jar!/fxglassets/textures/fxgl_icon.png
22:38:56.534 [JavaFX Application Thread] DEBUG FXGLAssetLoaderServi - Loading from file system: jar:file:///C:/Users/Admin/.m2/repository/com/github/almasb/fxgl/17.3/fxgl-17.3.jar!/fxglassets/textures/fxgl_default_cursor.png
22:38:56.536 [JavaFX Application Thread] DEBUG Input                - Registered new binding: Screenshot - CTRL+8
22:38:56.537 [JavaFX Application Thread] DEBUG Input                - Registered new binding: System info dump - CTRL+9
22:38:56.537 [JavaFX Application Thread] DEBUG Input                - Registered new binding: Restart - CTRL+R
22:38:56.538 [JavaFX Application Thread] DEBUG Input                - Registered new binding: Toggle Debug Camera - CTRL+7
22:38:56.541 [JavaFX Application Thread] DEBUG LoopRunner           - Starting loop
22:38:56.541 [JavaFX Application Thread] DEBUG LoopRunner           - Initializing JavaFX AnimationTimerLoop
22:38:56.543 [JavaFX Application Thread] DEBUG GameApplicationServi - Starting new game
22:38:56.544 [JavaFX Application Thread] DEBUG Input                - Clearing active input actions
22:38:56.555 [JavaFX Application Thread] DEBUG GameApplicationServi - Removing overlay from FXGLStartupScene and adding to FXGLLoadingScene
22:38:56.556 [JavaFX Application Thread] DEBUG PrimaryStageWindow   - FXGLStartupScene -> FXGLLoadingScene
22:38:56.556 [JavaFX Application Thread] DEBUG GameApplicationServi - Clearing previous game
22:38:56.556 [JavaFX Application Thread] DEBUG GameScene            - Clearing game scene
22:38:56.556 [JavaFX Application Thread] DEBUG GameWorld            - Clearing game world
22:38:56.556 [JavaFX Application Thread] DEBUG PhysicsWorld         - Clearing physics world
22:38:56.558 [FXGL Background Thread 4 ] DEBUG FXGLApplication      - Initializing game
22:38:56.559 [JavaFX Application Thread] DEBUG FXGLApplication      - Registering font factories with UI factory
22:38:56.755 [FXGL Background Thread 4 ] INFO  FXGLApplication      - Game initialization took: 0,197 sec
22:38:56.755 [JavaFX Application Thread] DEBUG Input                - Clearing active input actions
22:38:56.779 [JavaFX Application Thread] DEBUG GameApplicationServi - Removing overlay from FXGLLoadingScene and adding to GameScene
22:38:56.780 [JavaFX Application Thread] DEBUG PrimaryStageWindow   - FXGLLoadingScene -> GameScene
22:38:57.531 [FXGL Background Thread 2 ] INFO  UpdaterService       - Your current version:  17.3
22:38:57.532 [FXGL Background Thread 2 ] INFO  UpdaterService       - Latest stable version: 25
22:38:59.446 [FXGL Background Thread 3 ] DEBUG Engine               - Logging environment variables
22:38:59.446 [FXGL Background Thread 3 ] DEBUG Engine               - achievements: []
22:38:59.446 [FXGL Background Thread 3 ] DEBUG Engine               - actualHeight: 720.0
22:38:59.446 [FXGL Background Thread 3 ] DEBUG Engine               - actualHeightProperty: ReadOnlyDoubleProperty [value: 720.0]
22:38:59.446 [FXGL Background Thread 3 ] DEBUG Engine               - actualWidth: 1280.0
22:38:59.446 [FXGL Background Thread 3 ] DEBUG Engine               - actualWidthProperty: ReadOnlyDoubleProperty [value: 1280.0]
22:38:59.446 [FXGL Background Thread 3 ] DEBUG Engine               - appIcon: fxgl_icon.png
22:38:59.446 [FXGL Background Thread 3 ] DEBUG Engine               - applicationMode: DEVELOPER
22:38:59.447 [FXGL Background Thread 3 ] DEBUG Engine               - cSSList: [fxgl_dark.css]
22:38:59.447 [FXGL Background Thread 3 ] DEBUG Engine               - collisionDetectionStrategy: BRUTE_FORCE
22:38:59.447 [FXGL Background Thread 3 ] DEBUG Engine               - configClass: Optional.empty
22:38:59.447 [FXGL Background Thread 3 ] DEBUG Engine               - credits: []
22:38:59.447 [FXGL Background Thread 3 ] DEBUG Engine               - defaultCursor: CursorInfo(imageName=fxgl_default_cursor.png, hotspotX=7.0, hotspotY=6.0)
22:38:59.447 [FXGL Background Thread 3 ] DEBUG Engine               - devBBoxColorProperty: ObjectProperty [value: 0xff0000ff]
22:38:59.447 [FXGL Background Thread 3 ] DEBUG Engine               - devEnableDebugCameraProperty: BooleanProperty [value: false]
22:38:59.447 [FXGL Background Thread 3 ] DEBUG Engine               - devSensorColorProperty: ObjectProperty [value: 0xffff00ff]
22:38:59.447 [FXGL Background Thread 3 ] DEBUG Engine               - devShowBBoxProperty: BooleanProperty [value: false]
22:38:59.447 [FXGL Background Thread 3 ] DEBUG Engine               - devShowPositionProperty: BooleanProperty [value: false]
22:38:59.447 [FXGL Background Thread 3 ] DEBUG Engine               - enabledMenuItems: []
22:38:59.447 [FXGL Background Thread 3 ] DEBUG Engine               - engineServices: [class com.almasb.fxgl.app.services.FXGLAssetLoaderService, class com.almasb.fxgl.app.FXGLApplication$GameApplicationService, class com.almasb.fxgl.app.services.FXGLDialogService, class com.almasb.fxgl.app.services.IOTaskExecutorService, class com.almasb.fxgl.io.FileSystemService, class com.almasb.fxgl.localization.LocalizationService, class com.almasb.fxgl.app.services.SystemBundleService, class com.almasb.fxgl.profile.SaveLoadService, class com.almasb.fxgl.ui.FXGLUIFactoryServiceProvider, class com.almasb.fxgl.ui.FXGLDialogFactoryServiceProvider, class com.almasb.fxgl.audio.AudioPlayer, class com.almasb.fxgl.notification.impl.NotificationServiceProvider, class com.almasb.fxgl.achievement.AchievementService, class com.almasb.fxgl.cutscene.CutsceneService, class com.almasb.fxgl.minigames.MiniGameService, class com.almasb.fxgl.net.NetService, class com.almasb.fxgl.app.services.UpdaterService, class com.almasb.fxgl.dev.DevService]
22:38:59.447 [FXGL Background Thread 3 ] DEBUG Engine               - fontGame: Abel-Regular.ttf
22:38:59.447 [FXGL Background Thread 3 ] DEBUG Engine               - fontMono: TerminalLandMono-Regular.otf
22:38:59.447 [FXGL Background Thread 3 ] DEBUG Engine               - fontSizeScaleUI: 1.0
22:38:59.447 [FXGL Background Thread 3 ] DEBUG Engine               - fontText: Courier-Prime.ttf
22:38:59.447 [FXGL Background Thread 3 ] DEBUG Engine               - fontUI: VarelaRound-Regular.ttf
22:38:59.447 [FXGL Background Thread 3 ] DEBUG Engine               - fullScreen: BooleanProperty [value: false]
22:38:59.447 [FXGL Background Thread 3 ] DEBUG Engine               - gameDifficulty: MEDIUM
22:38:59.448 [FXGL Background Thread 3 ] DEBUG Engine               - gameDifficultyProperty: ObjectProperty [value: MEDIUM]
22:38:59.448 [FXGL Background Thread 3 ] DEBUG Engine               - globalMusicVolume: 0.5
22:38:59.448 [FXGL Background Thread 3 ] DEBUG Engine               - globalMusicVolumeProperty: DoubleProperty [value: 0.5]
22:38:59.448 [FXGL Background Thread 3 ] DEBUG Engine               - globalSoundVolume: 0.5
22:38:59.448 [FXGL Background Thread 3 ] DEBUG Engine               - globalSoundVolumeProperty: DoubleProperty [value: 0.5]
22:38:59.448 [FXGL Background Thread 3 ] DEBUG Engine               - height: 720
22:38:59.448 [FXGL Background Thread 3 ] DEBUG Engine               - is3D: false
22:38:59.448 [FXGL Background Thread 3 ] DEBUG Engine               - isAndroid: false
22:38:59.448 [FXGL Background Thread 3 ] DEBUG Engine               - isBrowser: false
22:38:59.448 [FXGL Background Thread 3 ] DEBUG Engine               - isClickFeedbackEnabled: false
22:38:59.448 [FXGL Background Thread 3 ] DEBUG Engine               - isCloseConfirmation: false
22:38:59.448 [FXGL Background Thread 3 ] DEBUG Engine               - isDesktop: true
22:38:59.448 [FXGL Background Thread 3 ] DEBUG Engine               - isDeveloperMenuEnabled: false
22:38:59.448 [FXGL Background Thread 3 ] DEBUG Engine               - isEmbedded: false
22:38:59.448 [FXGL Background Thread 3 ] DEBUG Engine               - isEntityPreloadEnabled: true
22:38:59.448 [FXGL Background Thread 3 ] DEBUG Engine               - isExperimentalTiledLargeMap: false
22:38:59.448 [FXGL Background Thread 3 ] DEBUG Engine               - isFileSystemWriteAllowed: true
22:38:59.448 [FXGL Background Thread 3 ] DEBUG Engine               - isFullScreenAllowed: true
22:38:59.449 [FXGL Background Thread 3 ] DEBUG Engine               - isFullScreenFromStart: false
22:38:59.449 [FXGL Background Thread 3 ] DEBUG Engine               - isGameMenuEnabled: true
22:38:59.449 [FXGL Background Thread 3 ] DEBUG Engine               - isIOS: false
22:38:59.449 [FXGL Background Thread 3 ] DEBUG Engine               - isIntroEnabled: false
22:38:59.449 [FXGL Background Thread 3 ] DEBUG Engine               - isLinux: false
22:38:59.449 [FXGL Background Thread 3 ] DEBUG Engine               - isMac: false
22:38:59.449 [FXGL Background Thread 3 ] DEBUG Engine               - isMainMenuEnabled: false
22:38:59.449 [FXGL Background Thread 3 ] DEBUG Engine               - isManualResizeEnabled: false
22:38:59.449 [FXGL Background Thread 3 ] DEBUG Engine               - isMobile: false
22:38:59.449 [FXGL Background Thread 3 ] DEBUG Engine               - isNative: false
22:38:59.449 [FXGL Background Thread 3 ] DEBUG Engine               - isPauseMusicWhenMinimized: true
22:38:59.449 [FXGL Background Thread 3 ] DEBUG Engine               - isPreserveResizeRatio: false
22:38:59.449 [FXGL Background Thread 3 ] DEBUG Engine               - isProfilingEnabled: false
22:38:59.449 [FXGL Background Thread 3 ] DEBUG Engine               - isScaleAffectedOnResize: true
22:38:59.449 [FXGL Background Thread 3 ] DEBUG Engine               - isSingleStep: false
22:38:59.449 [FXGL Background Thread 3 ] DEBUG Engine               - isUserProfileEnabled: false
22:38:59.449 [FXGL Background Thread 3 ] DEBUG Engine               - isWindows: true
22:38:59.449 [FXGL Background Thread 3 ] DEBUG Engine               - language: ObjectProperty [value: RUSSIAN]
22:38:59.449 [FXGL Background Thread 3 ] DEBUG Engine               - menuKey: ESCAPE
22:38:59.449 [FXGL Background Thread 3 ] DEBUG Engine               - mouseSensitivity: 0.2
22:38:59.449 [FXGL Background Thread 3 ] DEBUG Engine               - notificationViewClass: class com.almasb.fxgl.notification.view.XboxNotificationView
22:38:59.449 [FXGL Background Thread 3 ] DEBUG Engine               - pixelsPerMeter: 50.0
22:38:59.449 [FXGL Background Thread 3 ] DEBUG Engine               - platform: WINDOWS
22:38:59.449 [FXGL Background Thread 3 ] DEBUG Engine               - prefHeightProperty: ReadOnlyDoubleProperty [value: 720.0]
22:38:59.449 [FXGL Background Thread 3 ] DEBUG Engine               - prefWidthProperty: ReadOnlyDoubleProperty [value: 1280.0]
22:38:59.449 [FXGL Background Thread 3 ] DEBUG Engine               - profileDir: profiles/
22:38:59.449 [FXGL Background Thread 3 ] DEBUG Engine               - profileName: StringProperty [value: DEFAULT]
22:38:59.449 [FXGL Background Thread 3 ] DEBUG Engine               - randomSeed: -1
22:38:59.450 [FXGL Background Thread 3 ] DEBUG Engine               - runtimeInfo: RuntimeInfo(platform=WINDOWS, version=17.3, build=30.03.2023 11.49)
22:38:59.450 [FXGL Background Thread 3 ] DEBUG Engine               - saveFileExt: sav
22:38:59.450 [FXGL Background Thread 3 ] DEBUG Engine               - scaledHeightProp$fxgl: DoubleProperty [bound, value: 720.0]
22:38:59.450 [FXGL Background Thread 3 ] DEBUG Engine               - scaledWidthProp$fxgl: DoubleProperty [bound, value: 1280.0]
22:38:59.450 [FXGL Background Thread 3 ] DEBUG Engine               - sceneFactory: com.almasb.fxgl.app.scene.SceneFactory@7583a056
22:38:59.450 [FXGL Background Thread 3 ] DEBUG Engine               - secondsIn24h: 60
22:38:59.450 [FXGL Background Thread 3 ] DEBUG Engine               - soundMenuBack: menu/back.wav
22:38:59.450 [FXGL Background Thread 3 ] DEBUG Engine               - soundMenuPress: menu/press.wav
22:38:59.450 [FXGL Background Thread 3 ] DEBUG Engine               - soundMenuSelect: menu/select.wav
22:38:59.450 [FXGL Background Thread 3 ] DEBUG Engine               - soundNotification: core/notification.wav
22:38:59.450 [FXGL Background Thread 3 ] DEBUG Engine               - stageStyle: DECORATED
22:38:59.450 [FXGL Background Thread 3 ] DEBUG Engine               - supportedLanguages: [ENGLISH, FRENCH, GERMAN, HUNGARIAN, RUSSIAN]
22:38:59.450 [FXGL Background Thread 3 ] DEBUG Engine               - ticksPerSecond: -1
22:38:59.450 [FXGL Background Thread 3 ] DEBUG Engine               - title: Hex Strategy
22:38:59.450 [FXGL Background Thread 3 ] DEBUG Engine               - urlGithub: https://github.com/AlmasB/FXGL
22:38:59.450 [FXGL Background Thread 3 ] DEBUG Engine               - urlLeaderboard: http://fxgl-top.herokuapp.com/
22:38:59.450 [FXGL Background Thread 3 ] DEBUG Engine               - urlPOM: https://raw.githubusercontent.com/AlmasB/FXGL/release/README.md
22:38:59.450 [FXGL Background Thread 3 ] DEBUG Engine               - userAppClass: class org.example.hexgame.HexStrategy
22:38:59.450 [FXGL Background Thread 3 ] DEBUG Engine               - version: 0.0
22:38:59.450 [FXGL Background Thread 3 ] DEBUG Engine               - versionCheckDays: 7
22:38:59.450 [FXGL Background Thread 3 ] DEBUG Engine               - width: 1280
22:38:59.450 [FXGL Background Thread 3 ] DEBUG Engine               - Logging services
22:38:59.450 [FXGL Background Thread 3 ] DEBUG Engine               - class com.almasb.fxgl.app.services.FXGLAssetLoaderService
22:38:59.451 [FXGL Background Thread 3 ] DEBUG Engine               - class com.almasb.fxgl.app.FXGLApplication$GameApplicationService
22:38:59.451 [FXGL Background Thread 3 ] DEBUG Engine               - class com.almasb.fxgl.app.services.FXGLDialogService
22:38:59.451 [FXGL Background Thread 3 ] DEBUG Engine               - class com.almasb.fxgl.app.services.IOTaskExecutorService
22:38:59.451 [FXGL Background Thread 3 ] DEBUG Engine               - class com.almasb.fxgl.io.FileSystemService
22:38:59.451 [FXGL Background Thread 3 ] DEBUG Engine               - class com.almasb.fxgl.localization.LocalizationService
22:38:59.451 [FXGL Background Thread 3 ] DEBUG Engine               - class com.almasb.fxgl.app.services.SystemBundleService
22:38:59.451 [FXGL Background Thread 3 ] DEBUG Engine               - class com.almasb.fxgl.profile.SaveLoadService
22:38:59.451 [FXGL Background Thread 3 ] DEBUG Engine               - class com.almasb.fxgl.ui.FXGLUIFactoryServiceProvider
22:38:59.451 [FXGL Background Thread 3 ] DEBUG Engine               - class com.almasb.fxgl.ui.FXGLDialogFactoryServiceProvider
22:38:59.451 [FXGL Background Thread 3 ] DEBUG Engine               - class com.almasb.fxgl.audio.AudioPlayer
22:38:59.451 [FXGL Background Thread 3 ] DEBUG Engine               - class com.almasb.fxgl.notification.impl.NotificationServiceProvider
22:38:59.451 [FXGL Background Thread 3 ] DEBUG Engine               - class com.almasb.fxgl.achievement.AchievementService
22:38:59.451 [FXGL Background Thread 3 ] DEBUG Engine               - class com.almasb.fxgl.cutscene.CutsceneService
22:38:59.451 [FXGL Background Thread 3 ] DEBUG Engine               - class com.almasb.fxgl.minigames.MiniGameService
22:38:59.451 [FXGL Background Thread 3 ] DEBUG Engine               - class com.almasb.fxgl.net.NetService
22:38:59.451 [FXGL Background Thread 3 ] DEBUG Engine               - class com.almasb.fxgl.app.services.UpdaterService
22:38:59.451 [FXGL Background Thread 3 ] DEBUG Engine               - class com.almasb.fxgl.dev.DevService
22:39:39.082 [JavaFX Application Thread] DEBUG FXGLApplication      - Exiting FXGL
22:39:39.083 [JavaFX Application Thread] DEBUG LoopRunner           - Stopping loop
22:39:39.083 [JavaFX Application Thread] DEBUG SystemBundleService  - Saving FXGL system data
22:39:39.084 [JavaFX Application Thread] DEBUG FileSystemAccess     - Writing to: C:\Users\Admin\Desktop\HexGame\system\fxgl.bundle
22:39:39.086 [JavaFX Application Thread] DEBUG Async                - Shutting down background threads
22:39:39.086 [JavaFX Application Thread] DEBUG PrimaryStageWindow   - Closing main window
22:39:39.094 [JavaFX Application Thread] DEBUG Logger               - Closing Logger
