12:50:21.815 [main                     ] DEBUG Logger               - Configured Logger
12:50:21.834 [main                     ] DEBUG GameApplication      - Logging settings
Title: Hex Strategy
Version: 0.0
Width: 1280
Height: 720
Fullscreen: true
Intro: false
Profiling: false
Single step:false
App Mode: DEVELOPER
Menu Key: ESCAPE
Stage Style: DECORATED
Scene Factory: class com.almasb.fxgl.app.scene.SceneFactory

12:50:22.687 [JavaFX Application Thread] DEBUG FXGLApplication      - Initializing FXGL
12:50:22.690 [JavaFX Application Thread] INFO  Engine               - FXGL-17.3 (30.03.2023 11.49) on WINDOWS (J:23.0.1 FX:17.0.6)
12:50:22.690 [JavaFX Application Thread] DEBUG Engine               - JRE Vendor Name: Oracle Corporation
12:50:22.690 [JavaFX Application Thread] DEBUG Engine               - Running on OS: Windows 10 version 10.0
12:50:22.690 [JavaFX Application Thread] DEBUG Engine               - Architecture: amd64
12:50:22.690 [JavaFX Application Thread] INFO  Engine               - Source code and latest versions at: https://github.com/AlmasB/FXGL
12:50:22.690 [JavaFX Application Thread] INFO  Engine               -       Ask questions and discuss at: https://github.com/AlmasB/FXGL/discussions
12:50:22.690 [JavaFX Application Thread] INFO  Engine               -              Join the FXGL chat at: https://gitter.im/AlmasB/FXGL
12:50:22.748 [JavaFX Application Thread] DEBUG PrimaryStageWindow   - Creating a JavaFX scene
12:50:22.771 [JavaFX Application Thread] DEBUG PrimaryStageWindow   - Target settings size: 1280.0 x 720.0
12:50:22.772 [JavaFX Application Thread] DEBUG PrimaryStageWindow   - Scaled scene size:    1280.0 x 720.0
12:50:22.772 [JavaFX Application Thread] DEBUG PrimaryStageWindow   - Scaled ratio: (1.0, 1.0)
12:50:22.772 [JavaFX Application Thread] DEBUG PrimaryStageWindow   - Set initial scene to FXGLStartupScene
12:50:22.776 [JavaFX Application Thread] DEBUG PrimaryStageWindow   - Opening main window
12:50:22.847 [JavaFX Application Thread] DEBUG PrimaryStageWindow   - Window border size: (16.0, 39.0)
12:50:22.847 [JavaFX Application Thread] DEBUG PrimaryStageWindow   - Scaled size: 1280.0 x 720.0
12:50:22.847 [JavaFX Application Thread] DEBUG PrimaryStageWindow   - Scaled ratio: (1.0, 1.0)
12:50:22.848 [JavaFX Application Thread] DEBUG PrimaryStageWindow   - Scene size: 1280.0 x 720.0
12:50:22.848 [JavaFX Application Thread] DEBUG PrimaryStageWindow   - Stage size: 1296.0 x 759.0
12:50:22.852 [FXGL Background Thread 1 ] DEBUG Engine               - Initializing environment variables
12:50:22.879 [FXGL Background Thread 1 ] DEBUG FXGLAssetLoaderServi - User app class for loading assets: class org.example.hexgame.HexStrategy
12:50:22.879 [FXGL Background Thread 1 ] DEBUG GameApplicationServi - Applying CSS: fxgl_dark.css
12:50:22.880 [FXGL Background Thread 1 ] DEBUG FXGLAssetLoaderServi - Loading from file system: jar:file:///C:/Users/Admin/.m2/repository/com/github/almasb/fxgl/17.3/fxgl-17.3.jar!/fxglassets/ui/css/fxgl_dark.css
12:50:22.914 [FXGL Background Thread 1 ] DEBUG GameApplicationServi - Initializing application scenes
12:50:22.942 [FXGL Background Thread 1 ] DEBUG GameWorld            - Game world initialized
12:50:22.992 [FXGL Background Thread 1 ] DEBUG PhysicsWorld         - Physics world initialized: appHeight=720, physics.ppm=50,0
12:50:22.992 [FXGL Background Thread 1 ] DEBUG PhysicsWorld         - Using strategy: BRUTE_FORCE
12:50:22.995 [FXGL Background Thread 1 ] DEBUG GameScene            - Game scene initialized: 1280x720
12:50:23.003 [FXGL Background Thread 1 ] DEBUG FXGL.DefaultMenu     - createMenuBodyGameMenu()
12:50:23.014 [FXGL Background Thread 1 ] DEBUG FXGL.DefaultMenu     - createOptionsMenu()
12:50:23.021 [FXGL Background Thread 1 ] DEBUG FXGLAssetLoaderServi - Loading from file system: jar:file:///C:/Users/Admin/.m2/repository/com/github/almasb/fxgl/17.3/fxgl-17.3.jar!/fxglassets/textures/particles/smoke.png
12:50:23.111 [FXGL Background Thread 1 ] DEBUG FXGLAssetLoaderServi - Loading from file system: jar:file:///C:/Users/Admin/.m2/repository/com/github/almasb/fxgl/17.3/fxgl-17.3.jar!/fxglassets/textures/particles/trace_horizontal.png
12:50:23.129 [FXGL Background Thread 1 ] DEBUG GameApplicationServi - Application scenes initialized
12:50:23.146 [FXGL Background Thread 1 ] DEBUG SystemBundleService  - Loading FXGL system data
12:50:23.149 [FXGL Background Thread 1 ] DEBUG FileSystemAccess     - Reading from: C:\Users\Admin\Desktop\HexGame\system\fxgl.bundle
12:50:23.151 [FXGL Background Thread 1 ] DEBUG SystemBundleService  - Bundle FXGL: {}
12:50:23.151 [FXGL Background Thread 1 ] DEBUG UpdaterService       - Checking for updates
12:50:23.154 [FXGL Background Thread 4 ] DEBUG FXGLApplication      - Loading fonts
12:50:23.155 [FXGL Background Thread 4 ] DEBUG FXGLAssetLoaderServi - Loading from file system: jar:file:///C:/Users/Admin/.m2/repository/com/github/almasb/fxgl/17.3/fxgl-17.3.jar!/fxglassets/ui/fonts/VarelaRound-Regular.ttf
12:50:23.156 [FXGL Background Thread 1 ] DEBUG FXGLApplication      - Loading default localization
12:50:23.156 [FXGL Background Thread 1 ] DEBUG FXGLAssetLoaderServi - Loading from file system: jar:file:///C:/Users/Admin/.m2/repository/com/github/almasb/fxgl/17.3/fxgl-17.3.jar!/fxglassets/languages/russian.lang
12:50:23.167 [FXGL Background Thread 4 ] DEBUG FXGLAssetLoaderServi - Loading from file system: jar:file:///C:/Users/Admin/.m2/repository/com/github/almasb/fxgl/17.3/fxgl-17.3.jar!/fxglassets/ui/fonts/Abel-Regular.ttf
12:50:23.170 [FXGL Background Thread 4 ] DEBUG FXGLAssetLoaderServi - Loading from file system: jar:file:///C:/Users/Admin/.m2/repository/com/github/almasb/fxgl/17.3/fxgl-17.3.jar!/fxglassets/ui/fonts/TerminalLandMono-Regular.otf
12:50:23.175 [FXGL Background Thread 4 ] DEBUG FXGLAssetLoaderServi - Loading from file system: jar:file:///C:/Users/Admin/.m2/repository/com/github/almasb/fxgl/17.3/fxgl-17.3.jar!/fxglassets/ui/fonts/Courier-Prime.ttf
12:50:23.181 [JavaFX Application Thread] DEBUG FXGLApplication      - Registering font factories with UI factory
12:50:23.191 [FXGL Background Thread 1 ] INFO  FXGLApplication      - FXGL initialization took: 0,339 sec
12:50:23.203 [JavaFX Application Thread] DEBUG Input                - Registered new binding: action0 - S
12:50:23.204 [JavaFX Application Thread] DEBUG Input                - Registered new binding: action1 - W
12:50:23.204 [JavaFX Application Thread] DEBUG Input                - Registered new binding: action2 - D
12:50:23.204 [JavaFX Application Thread] DEBUG Input                - Registered new binding: action3 - A
12:50:23.205 [JavaFX Application Thread] DEBUG Input                - Registered new binding: action4 - Q
12:50:23.205 [JavaFX Application Thread] DEBUG Input                - Registered new binding: action5 - E
12:50:23.206 [JavaFX Application Thread] DEBUG Input                - Registered new binding: action6 - R
12:50:23.206 [JavaFX Application Thread] DEBUG FXGLAssetLoaderServi - Loading from file system: jar:file:///C:/Users/Admin/.m2/repository/com/github/almasb/fxgl/17.3/fxgl-17.3.jar!/fxglassets/textures/fxgl_icon.png
12:50:23.229 [JavaFX Application Thread] DEBUG FXGLAssetLoaderServi - Loading from file system: jar:file:///C:/Users/Admin/.m2/repository/com/github/almasb/fxgl/17.3/fxgl-17.3.jar!/fxglassets/textures/fxgl_default_cursor.png
12:50:23.232 [JavaFX Application Thread] DEBUG Input                - Registered new binding: Screenshot - CTRL+8
12:50:23.233 [JavaFX Application Thread] DEBUG Input                - Registered new binding: System info dump - CTRL+9
12:50:23.233 [JavaFX Application Thread] DEBUG Input                - Registered new binding: Restart - CTRL+R
12:50:23.233 [JavaFX Application Thread] DEBUG Input                - Registered new binding: Toggle Debug Camera - CTRL+7
12:50:23.237 [JavaFX Application Thread] DEBUG LoopRunner           - Starting loop
12:50:23.238 [JavaFX Application Thread] DEBUG LoopRunner           - Initializing JavaFX AnimationTimerLoop
12:50:23.239 [JavaFX Application Thread] DEBUG GameApplicationServi - Starting new game
12:50:23.239 [JavaFX Application Thread] DEBUG Input                - Clearing active input actions
12:50:23.247 [JavaFX Application Thread] DEBUG GameApplicationServi - Removing overlay from FXGLStartupScene and adding to FXGLLoadingScene
12:50:23.247 [JavaFX Application Thread] DEBUG PrimaryStageWindow   - FXGLStartupScene -> FXGLLoadingScene
12:50:23.247 [JavaFX Application Thread] DEBUG GameApplicationServi - Clearing previous game
12:50:23.247 [JavaFX Application Thread] DEBUG GameScene            - Clearing game scene
12:50:23.247 [JavaFX Application Thread] DEBUG GameWorld            - Clearing game world
12:50:23.247 [JavaFX Application Thread] DEBUG PhysicsWorld         - Clearing physics world
12:50:23.248 [FXGL Background Thread 1 ] DEBUG FXGLApplication      - Initializing game
12:50:23.386 [FXGL Background Thread 1 ] INFO  FXGLApplication      - Game initialization took: 0,137 sec
12:50:23.393 [JavaFX Application Thread] DEBUG Input                - Clearing active input actions
12:50:23.408 [JavaFX Application Thread] DEBUG GameApplicationServi - Removing overlay from FXGLLoadingScene and adding to GameScene
12:50:23.408 [JavaFX Application Thread] DEBUG PrimaryStageWindow   - FXGLLoadingScene -> GameScene
12:50:23.751 [FXGL Background Thread 2 ] INFO  UpdaterService       - Your current version:  17.3
12:50:23.751 [FXGL Background Thread 2 ] INFO  UpdaterService       - Latest stable version: 21.1
12:50:26.153 [FXGL Background Thread 3 ] DEBUG Engine               - Logging environment variables
12:50:26.153 [FXGL Background Thread 3 ] DEBUG Engine               - achievements: []
12:50:26.153 [FXGL Background Thread 3 ] DEBUG Engine               - actualHeight: 720.0
12:50:26.154 [FXGL Background Thread 3 ] DEBUG Engine               - actualHeightProperty: ReadOnlyDoubleProperty [value: 720.0]
12:50:26.154 [FXGL Background Thread 3 ] DEBUG Engine               - actualWidth: 1280.0
12:50:26.154 [FXGL Background Thread 3 ] DEBUG Engine               - actualWidthProperty: ReadOnlyDoubleProperty [value: 1280.0]
12:50:26.154 [FXGL Background Thread 3 ] DEBUG Engine               - appIcon: fxgl_icon.png
12:50:26.154 [FXGL Background Thread 3 ] DEBUG Engine               - applicationMode: DEVELOPER
12:50:26.154 [FXGL Background Thread 3 ] DEBUG Engine               - cSSList: [fxgl_dark.css]
12:50:26.154 [FXGL Background Thread 3 ] DEBUG Engine               - collisionDetectionStrategy: BRUTE_FORCE
12:50:26.154 [FXGL Background Thread 3 ] DEBUG Engine               - configClass: Optional.empty
12:50:26.154 [FXGL Background Thread 3 ] DEBUG Engine               - credits: []
12:50:26.154 [FXGL Background Thread 3 ] DEBUG Engine               - defaultCursor: CursorInfo(imageName=fxgl_default_cursor.png, hotspotX=7.0, hotspotY=6.0)
12:50:26.154 [FXGL Background Thread 3 ] DEBUG Engine               - devBBoxColorProperty: ObjectProperty [value: 0xff0000ff]
12:50:26.155 [FXGL Background Thread 3 ] DEBUG Engine               - devEnableDebugCameraProperty: BooleanProperty [value: false]
12:50:26.155 [FXGL Background Thread 3 ] DEBUG Engine               - devSensorColorProperty: ObjectProperty [value: 0xffff00ff]
12:50:26.155 [FXGL Background Thread 3 ] DEBUG Engine               - devShowBBoxProperty: BooleanProperty [value: false]
12:50:26.155 [FXGL Background Thread 3 ] DEBUG Engine               - devShowPositionProperty: BooleanProperty [value: false]
12:50:26.155 [FXGL Background Thread 3 ] DEBUG Engine               - enabledMenuItems: []
12:50:26.155 [FXGL Background Thread 3 ] DEBUG Engine               - engineServices: [class com.almasb.fxgl.app.services.FXGLAssetLoaderService, class com.almasb.fxgl.app.FXGLApplication$GameApplicationService, class com.almasb.fxgl.app.services.FXGLDialogService, class com.almasb.fxgl.app.services.IOTaskExecutorService, class com.almasb.fxgl.io.FileSystemService, class com.almasb.fxgl.localization.LocalizationService, class com.almasb.fxgl.app.services.SystemBundleService, class com.almasb.fxgl.profile.SaveLoadService, class com.almasb.fxgl.ui.FXGLUIFactoryServiceProvider, class com.almasb.fxgl.ui.FXGLDialogFactoryServiceProvider, class com.almasb.fxgl.audio.AudioPlayer, class com.almasb.fxgl.notification.impl.NotificationServiceProvider, class com.almasb.fxgl.achievement.AchievementService, class com.almasb.fxgl.cutscene.CutsceneService, class com.almasb.fxgl.minigames.MiniGameService, class com.almasb.fxgl.net.NetService, class com.almasb.fxgl.app.services.UpdaterService, class com.almasb.fxgl.dev.DevService]
12:50:26.155 [FXGL Background Thread 3 ] DEBUG Engine               - fontGame: Abel-Regular.ttf
12:50:26.155 [FXGL Background Thread 3 ] DEBUG Engine               - fontMono: TerminalLandMono-Regular.otf
12:50:26.155 [FXGL Background Thread 3 ] DEBUG Engine               - fontSizeScaleUI: 1.0
12:50:26.155 [FXGL Background Thread 3 ] DEBUG Engine               - fontText: Courier-Prime.ttf
12:50:26.155 [FXGL Background Thread 3 ] DEBUG Engine               - fontUI: VarelaRound-Regular.ttf
12:50:26.155 [FXGL Background Thread 3 ] DEBUG Engine               - fullScreen: BooleanProperty [value: false]
12:50:26.155 [FXGL Background Thread 3 ] DEBUG Engine               - gameDifficulty: MEDIUM
12:50:26.155 [FXGL Background Thread 3 ] DEBUG Engine               - gameDifficultyProperty: ObjectProperty [value: MEDIUM]
12:50:26.155 [FXGL Background Thread 3 ] DEBUG Engine               - globalMusicVolume: 0.5
12:50:26.155 [FXGL Background Thread 3 ] DEBUG Engine               - globalMusicVolumeProperty: DoubleProperty [value: 0.5]
12:50:26.156 [FXGL Background Thread 3 ] DEBUG Engine               - globalSoundVolume: 0.5
12:50:26.156 [FXGL Background Thread 3 ] DEBUG Engine               - globalSoundVolumeProperty: DoubleProperty [value: 0.5]
12:50:26.156 [FXGL Background Thread 3 ] DEBUG Engine               - height: 720
12:50:26.156 [FXGL Background Thread 3 ] DEBUG Engine               - is3D: false
12:50:26.156 [FXGL Background Thread 3 ] DEBUG Engine               - isAndroid: false
12:50:26.156 [FXGL Background Thread 3 ] DEBUG Engine               - isBrowser: false
12:50:26.156 [FXGL Background Thread 3 ] DEBUG Engine               - isClickFeedbackEnabled: false
12:50:26.156 [FXGL Background Thread 3 ] DEBUG Engine               - isCloseConfirmation: false
12:50:26.156 [FXGL Background Thread 3 ] DEBUG Engine               - isDesktop: true
12:50:26.156 [FXGL Background Thread 3 ] DEBUG Engine               - isDeveloperMenuEnabled: false
12:50:26.156 [FXGL Background Thread 3 ] DEBUG Engine               - isEmbedded: false
12:50:26.156 [FXGL Background Thread 3 ] DEBUG Engine               - isEntityPreloadEnabled: true
12:50:26.156 [FXGL Background Thread 3 ] DEBUG Engine               - isExperimentalTiledLargeMap: false
12:50:26.156 [FXGL Background Thread 3 ] DEBUG Engine               - isFileSystemWriteAllowed: true
12:50:26.156 [FXGL Background Thread 3 ] DEBUG Engine               - isFullScreenAllowed: true
12:50:26.156 [FXGL Background Thread 3 ] DEBUG Engine               - isFullScreenFromStart: false
12:50:26.156 [FXGL Background Thread 3 ] DEBUG Engine               - isGameMenuEnabled: true
12:50:26.156 [FXGL Background Thread 3 ] DEBUG Engine               - isIOS: false
12:50:26.156 [FXGL Background Thread 3 ] DEBUG Engine               - isIntroEnabled: false
12:50:26.156 [FXGL Background Thread 3 ] DEBUG Engine               - isLinux: false
12:50:26.157 [FXGL Background Thread 3 ] DEBUG Engine               - isMac: false
12:50:26.157 [FXGL Background Thread 3 ] DEBUG Engine               - isMainMenuEnabled: false
12:50:26.157 [FXGL Background Thread 3 ] DEBUG Engine               - isManualResizeEnabled: false
12:50:26.157 [FXGL Background Thread 3 ] DEBUG Engine               - isMobile: false
12:50:26.157 [FXGL Background Thread 3 ] DEBUG Engine               - isNative: false
12:50:26.157 [FXGL Background Thread 3 ] DEBUG Engine               - isPauseMusicWhenMinimized: true
12:50:26.157 [FXGL Background Thread 3 ] DEBUG Engine               - isPreserveResizeRatio: false
12:50:26.157 [FXGL Background Thread 3 ] DEBUG Engine               - isProfilingEnabled: false
12:50:26.157 [FXGL Background Thread 3 ] DEBUG Engine               - isScaleAffectedOnResize: true
12:50:26.157 [FXGL Background Thread 3 ] DEBUG Engine               - isSingleStep: false
12:50:26.157 [FXGL Background Thread 3 ] DEBUG Engine               - isUserProfileEnabled: false
12:50:26.157 [FXGL Background Thread 3 ] DEBUG Engine               - isWindows: true
12:50:26.157 [FXGL Background Thread 3 ] DEBUG Engine               - language: ObjectProperty [value: RUSSIAN]
12:50:26.157 [FXGL Background Thread 3 ] DEBUG Engine               - menuKey: ESCAPE
12:50:26.157 [FXGL Background Thread 3 ] DEBUG Engine               - mouseSensitivity: 0.2
12:50:26.157 [FXGL Background Thread 3 ] DEBUG Engine               - notificationViewClass: class com.almasb.fxgl.notification.view.XboxNotificationView
12:50:26.157 [FXGL Background Thread 3 ] DEBUG Engine               - pixelsPerMeter: 50.0
12:50:26.157 [FXGL Background Thread 3 ] DEBUG Engine               - platform: WINDOWS
12:50:26.157 [FXGL Background Thread 3 ] DEBUG Engine               - prefHeightProperty: ReadOnlyDoubleProperty [value: 720.0]
12:50:26.157 [FXGL Background Thread 3 ] DEBUG Engine               - prefWidthProperty: ReadOnlyDoubleProperty [value: 1280.0]
12:50:26.158 [FXGL Background Thread 3 ] DEBUG Engine               - profileDir: profiles/
12:50:26.158 [FXGL Background Thread 3 ] DEBUG Engine               - profileName: StringProperty [value: DEFAULT]
12:50:26.158 [FXGL Background Thread 3 ] DEBUG Engine               - randomSeed: -1
12:50:26.158 [FXGL Background Thread 3 ] DEBUG Engine               - runtimeInfo: RuntimeInfo(platform=WINDOWS, version=17.3, build=30.03.2023 11.49)
12:50:26.158 [FXGL Background Thread 3 ] DEBUG Engine               - saveFileExt: sav
12:50:26.158 [FXGL Background Thread 3 ] DEBUG Engine               - scaledHeightProp$fxgl: DoubleProperty [bound, value: 720.0]
12:50:26.158 [FXGL Background Thread 3 ] DEBUG Engine               - scaledWidthProp$fxgl: DoubleProperty [bound, value: 1280.0]
12:50:26.158 [FXGL Background Thread 3 ] DEBUG Engine               - sceneFactory: com.almasb.fxgl.app.scene.SceneFactory@48b46693
12:50:26.158 [FXGL Background Thread 3 ] DEBUG Engine               - secondsIn24h: 60
12:50:26.158 [FXGL Background Thread 3 ] DEBUG Engine               - soundMenuBack: menu/back.wav
12:50:26.158 [FXGL Background Thread 3 ] DEBUG Engine               - soundMenuPress: menu/press.wav
12:50:26.158 [FXGL Background Thread 3 ] DEBUG Engine               - soundMenuSelect: menu/select.wav
12:50:26.158 [FXGL Background Thread 3 ] DEBUG Engine               - soundNotification: core/notification.wav
12:50:26.158 [FXGL Background Thread 3 ] DEBUG Engine               - stageStyle: DECORATED
12:50:26.158 [FXGL Background Thread 3 ] DEBUG Engine               - supportedLanguages: [ENGLISH, FRENCH, GERMAN, HUNGARIAN, RUSSIAN]
12:50:26.158 [FXGL Background Thread 3 ] DEBUG Engine               - ticksPerSecond: -1
12:50:26.158 [FXGL Background Thread 3 ] DEBUG Engine               - title: Hex Strategy
12:50:26.159 [FXGL Background Thread 3 ] DEBUG Engine               - urlGithub: https://github.com/AlmasB/FXGL
12:50:26.159 [FXGL Background Thread 3 ] DEBUG Engine               - urlLeaderboard: http://fxgl-top.herokuapp.com/
12:50:26.159 [FXGL Background Thread 3 ] DEBUG Engine               - urlPOM: https://raw.githubusercontent.com/AlmasB/FXGL/release/README.md
12:50:26.159 [FXGL Background Thread 3 ] DEBUG Engine               - userAppClass: class org.example.hexgame.HexStrategy
12:50:26.159 [FXGL Background Thread 3 ] DEBUG Engine               - version: 0.0
12:50:26.159 [FXGL Background Thread 3 ] DEBUG Engine               - versionCheckDays: 7
12:50:26.159 [FXGL Background Thread 3 ] DEBUG Engine               - width: 1280
12:50:26.159 [FXGL Background Thread 3 ] DEBUG Engine               - Logging services
12:50:26.159 [FXGL Background Thread 3 ] DEBUG Engine               - class com.almasb.fxgl.app.services.FXGLAssetLoaderService
12:50:26.159 [FXGL Background Thread 3 ] DEBUG Engine               - class com.almasb.fxgl.app.FXGLApplication$GameApplicationService
12:50:26.159 [FXGL Background Thread 3 ] DEBUG Engine               - class com.almasb.fxgl.app.services.FXGLDialogService
12:50:26.159 [FXGL Background Thread 3 ] DEBUG Engine               - class com.almasb.fxgl.app.services.IOTaskExecutorService
12:50:26.159 [FXGL Background Thread 3 ] DEBUG Engine               - class com.almasb.fxgl.io.FileSystemService
12:50:26.159 [FXGL Background Thread 3 ] DEBUG Engine               - class com.almasb.fxgl.localization.LocalizationService
12:50:26.159 [FXGL Background Thread 3 ] DEBUG Engine               - class com.almasb.fxgl.app.services.SystemBundleService
12:50:26.159 [FXGL Background Thread 3 ] DEBUG Engine               - class com.almasb.fxgl.profile.SaveLoadService
12:50:26.159 [FXGL Background Thread 3 ] DEBUG Engine               - class com.almasb.fxgl.ui.FXGLUIFactoryServiceProvider
12:50:26.159 [FXGL Background Thread 3 ] DEBUG Engine               - class com.almasb.fxgl.ui.FXGLDialogFactoryServiceProvider
12:50:26.159 [FXGL Background Thread 3 ] DEBUG Engine               - class com.almasb.fxgl.audio.AudioPlayer
12:50:26.159 [FXGL Background Thread 3 ] DEBUG Engine               - class com.almasb.fxgl.notification.impl.NotificationServiceProvider
12:50:26.159 [FXGL Background Thread 3 ] DEBUG Engine               - class com.almasb.fxgl.achievement.AchievementService
12:50:26.159 [FXGL Background Thread 3 ] DEBUG Engine               - class com.almasb.fxgl.cutscene.CutsceneService
12:50:26.159 [FXGL Background Thread 3 ] DEBUG Engine               - class com.almasb.fxgl.minigames.MiniGameService
12:50:26.159 [FXGL Background Thread 3 ] DEBUG Engine               - class com.almasb.fxgl.net.NetService
12:50:26.160 [FXGL Background Thread 3 ] DEBUG Engine               - class com.almasb.fxgl.app.services.UpdaterService
12:50:26.160 [FXGL Background Thread 3 ] DEBUG Engine               - class com.almasb.fxgl.dev.DevService
12:50:36.254 [JavaFX Application Thread] DEBUG FXGLApplication      - Exiting FXGL
12:50:36.254 [JavaFX Application Thread] DEBUG LoopRunner           - Stopping loop
12:50:36.254 [JavaFX Application Thread] DEBUG SystemBundleService  - Saving FXGL system data
12:50:36.255 [JavaFX Application Thread] DEBUG FileSystemAccess     - Writing to: C:\Users\Admin\Desktop\HexGame\system\fxgl.bundle
12:50:36.256 [JavaFX Application Thread] DEBUG Async                - Shutting down background threads
12:50:36.256 [JavaFX Application Thread] DEBUG PrimaryStageWindow   - Closing main window
12:50:36.267 [JavaFX Application Thread] DEBUG Logger               - Closing Logger
