12:48:59.088 [main                     ] DEBUG Logger               - Configured Logger
12:48:59.107 [main                     ] DEBUG GameApplication      - Logging settings
Title: Hex Strategy
Version: 0.0
Width: 1280
Height: 720
Fullscreen: true
Intro: false
Profiling: false
Single step:false
App Mode: DEVELOPER
Menu Key: ESCAPE
Stage Style: DECORATED
Scene Factory: class com.almasb.fxgl.app.scene.SceneFactory

12:49:00.160 [JavaFX Application Thread] DEBUG FXGLApplication      - Initializing FXGL
12:49:00.161 [JavaFX Application Thread] INFO  Engine               - FXGL-17.3 (30.03.2023 11.49) on WINDOWS (J:23.0.1 FX:17.0.6)
12:49:00.161 [JavaFX Application Thread] DEBUG Engine               - JRE Vendor Name: Oracle Corporation
12:49:00.163 [JavaFX Application Thread] DEBUG Engine               - Running on OS: Windows 10 version 10.0
12:49:00.163 [JavaFX Application Thread] DEBUG Engine               - Architecture: amd64
12:49:00.163 [JavaFX Application Thread] INFO  Engine               - Source code and latest versions at: https://github.com/AlmasB/FXGL
12:49:00.163 [JavaFX Application Thread] INFO  Engine               -       Ask questions and discuss at: https://github.com/AlmasB/FXGL/discussions
12:49:00.163 [JavaFX Application Thread] INFO  Engine               -              Join the FXGL chat at: https://gitter.im/AlmasB/FXGL
12:49:00.223 [JavaFX Application Thread] DEBUG PrimaryStageWindow   - Creating a JavaFX scene
12:49:00.247 [JavaFX Application Thread] DEBUG PrimaryStageWindow   - Target settings size: 1280.0 x 720.0
12:49:00.247 [JavaFX Application Thread] DEBUG PrimaryStageWindow   - Scaled scene size:    1280.0 x 720.0
12:49:00.247 [JavaFX Application Thread] DEBUG PrimaryStageWindow   - Scaled ratio: (1.0, 1.0)
12:49:00.248 [JavaFX Application Thread] DEBUG PrimaryStageWindow   - Set initial scene to FXGLStartupScene
12:49:00.252 [JavaFX Application Thread] DEBUG PrimaryStageWindow   - Opening main window
12:49:00.331 [JavaFX Application Thread] DEBUG PrimaryStageWindow   - Window border size: (16.0, 39.0)
12:49:00.331 [JavaFX Application Thread] DEBUG PrimaryStageWindow   - Scaled size: 1280.0 x 720.0
12:49:00.331 [JavaFX Application Thread] DEBUG PrimaryStageWindow   - Scaled ratio: (1.0, 1.0)
12:49:00.331 [JavaFX Application Thread] DEBUG PrimaryStageWindow   - Scene size: 1280.0 x 720.0
12:49:00.332 [JavaFX Application Thread] DEBUG PrimaryStageWindow   - Stage size: 1296.0 x 759.0
12:49:00.337 [FXGL Background Thread 1 ] DEBUG Engine               - Initializing environment variables
12:49:00.376 [FXGL Background Thread 1 ] DEBUG FXGLAssetLoaderServi - User app class for loading assets: class org.example.hexgame.HexStrategy
12:49:00.376 [FXGL Background Thread 1 ] DEBUG GameApplicationServi - Applying CSS: fxgl_dark.css
12:49:00.377 [FXGL Background Thread 1 ] DEBUG FXGLAssetLoaderServi - Loading from file system: jar:file:///C:/Users/Admin/.m2/repository/com/github/almasb/fxgl/17.3/fxgl-17.3.jar!/fxglassets/ui/css/fxgl_dark.css
12:49:00.419 [FXGL Background Thread 1 ] DEBUG GameApplicationServi - Initializing application scenes
12:49:00.474 [FXGL Background Thread 1 ] DEBUG GameWorld            - Game world initialized
12:49:00.534 [FXGL Background Thread 1 ] DEBUG PhysicsWorld         - Physics world initialized: appHeight=720, physics.ppm=50,0
12:49:00.534 [FXGL Background Thread 1 ] DEBUG PhysicsWorld         - Using strategy: BRUTE_FORCE
12:49:00.539 [FXGL Background Thread 1 ] DEBUG GameScene            - Game scene initialized: 1280x720
12:49:00.554 [FXGL Background Thread 1 ] DEBUG FXGL.DefaultMenu     - createMenuBodyGameMenu()
12:49:00.567 [FXGL Background Thread 1 ] DEBUG FXGL.DefaultMenu     - createOptionsMenu()
12:49:00.576 [FXGL Background Thread 1 ] DEBUG FXGLAssetLoaderServi - Loading from file system: jar:file:///C:/Users/Admin/.m2/repository/com/github/almasb/fxgl/17.3/fxgl-17.3.jar!/fxglassets/textures/particles/smoke.png
12:49:00.694 [FXGL Background Thread 1 ] DEBUG FXGLAssetLoaderServi - Loading from file system: jar:file:///C:/Users/Admin/.m2/repository/com/github/almasb/fxgl/17.3/fxgl-17.3.jar!/fxglassets/textures/particles/trace_horizontal.png
12:49:00.728 [FXGL Background Thread 1 ] DEBUG GameApplicationServi - Application scenes initialized
12:49:00.745 [FXGL Background Thread 1 ] DEBUG SystemBundleService  - Loading FXGL system data
12:49:00.746 [FXGL Background Thread 1 ] DEBUG FileSystemAccess     - Reading from: C:\Users\Admin\Desktop\HexGame\system\fxgl.bundle
12:49:00.749 [FXGL Background Thread 1 ] DEBUG SystemBundleService  - Bundle FXGL: {}
12:49:00.749 [FXGL Background Thread 1 ] DEBUG UpdaterService       - Checking for updates
12:49:00.753 [FXGL Background Thread 4 ] DEBUG FXGLApplication      - Loading fonts
12:49:00.753 [FXGL Background Thread 4 ] DEBUG FXGLAssetLoaderServi - Loading from file system: jar:file:///C:/Users/Admin/.m2/repository/com/github/almasb/fxgl/17.3/fxgl-17.3.jar!/fxglassets/ui/fonts/VarelaRound-Regular.ttf
12:49:00.755 [FXGL Background Thread 1 ] DEBUG FXGLApplication      - Loading default localization
12:49:00.755 [FXGL Background Thread 1 ] DEBUG FXGLAssetLoaderServi - Loading from file system: jar:file:///C:/Users/Admin/.m2/repository/com/github/almasb/fxgl/17.3/fxgl-17.3.jar!/fxglassets/languages/russian.lang
12:49:00.763 [FXGL Background Thread 4 ] DEBUG FXGLAssetLoaderServi - Loading from file system: jar:file:///C:/Users/Admin/.m2/repository/com/github/almasb/fxgl/17.3/fxgl-17.3.jar!/fxglassets/ui/fonts/Abel-Regular.ttf
12:49:00.767 [FXGL Background Thread 4 ] DEBUG FXGLAssetLoaderServi - Loading from file system: jar:file:///C:/Users/Admin/.m2/repository/com/github/almasb/fxgl/17.3/fxgl-17.3.jar!/fxglassets/ui/fonts/TerminalLandMono-Regular.otf
12:49:00.770 [FXGL Background Thread 4 ] DEBUG FXGLAssetLoaderServi - Loading from file system: jar:file:///C:/Users/Admin/.m2/repository/com/github/almasb/fxgl/17.3/fxgl-17.3.jar!/fxglassets/ui/fonts/Courier-Prime.ttf
12:49:00.776 [JavaFX Application Thread] DEBUG FXGLApplication      - Registering font factories with UI factory
12:49:00.787 [FXGL Background Thread 1 ] INFO  FXGLApplication      - FXGL initialization took: 0,450 sec
12:49:00.796 [JavaFX Application Thread] DEBUG Input                - Registered new binding: action0 - S
12:49:00.796 [JavaFX Application Thread] DEBUG Input                - Registered new binding: action1 - W
12:49:00.797 [JavaFX Application Thread] DEBUG Input                - Registered new binding: action2 - D
12:49:00.797 [JavaFX Application Thread] DEBUG Input                - Registered new binding: action3 - A
12:49:00.797 [JavaFX Application Thread] DEBUG Input                - Registered new binding: action4 - Q
12:49:00.797 [JavaFX Application Thread] DEBUG Input                - Registered new binding: action5 - E
12:49:00.797 [JavaFX Application Thread] DEBUG Input                - Registered new binding: action6 - R
12:49:00.797 [JavaFX Application Thread] DEBUG FXGLAssetLoaderServi - Loading from file system: jar:file:///C:/Users/Admin/.m2/repository/com/github/almasb/fxgl/17.3/fxgl-17.3.jar!/fxglassets/textures/fxgl_icon.png
12:49:00.814 [JavaFX Application Thread] DEBUG FXGLAssetLoaderServi - Loading from file system: jar:file:///C:/Users/Admin/.m2/repository/com/github/almasb/fxgl/17.3/fxgl-17.3.jar!/fxglassets/textures/fxgl_default_cursor.png
12:49:00.816 [JavaFX Application Thread] DEBUG Input                - Registered new binding: Screenshot - CTRL+8
12:49:00.817 [JavaFX Application Thread] DEBUG Input                - Registered new binding: System info dump - CTRL+9
12:49:00.817 [JavaFX Application Thread] DEBUG Input                - Registered new binding: Restart - CTRL+R
12:49:00.818 [JavaFX Application Thread] DEBUG Input                - Registered new binding: Toggle Debug Camera - CTRL+7
12:49:00.822 [JavaFX Application Thread] DEBUG LoopRunner           - Starting loop
12:49:00.823 [JavaFX Application Thread] DEBUG LoopRunner           - Initializing JavaFX AnimationTimerLoop
12:49:00.824 [JavaFX Application Thread] DEBUG GameApplicationServi - Starting new game
12:49:00.825 [JavaFX Application Thread] DEBUG Input                - Clearing active input actions
12:49:00.836 [JavaFX Application Thread] DEBUG GameApplicationServi - Removing overlay from FXGLStartupScene and adding to FXGLLoadingScene
12:49:00.836 [JavaFX Application Thread] DEBUG PrimaryStageWindow   - FXGLStartupScene -> FXGLLoadingScene
12:49:00.836 [JavaFX Application Thread] DEBUG GameApplicationServi - Clearing previous game
12:49:00.836 [JavaFX Application Thread] DEBUG GameScene            - Clearing game scene
12:49:00.836 [JavaFX Application Thread] DEBUG GameWorld            - Clearing game world
12:49:00.836 [JavaFX Application Thread] DEBUG PhysicsWorld         - Clearing physics world
12:49:00.838 [FXGL Background Thread 1 ] DEBUG FXGLApplication      - Initializing game
12:49:00.973 [FXGL Background Thread 1 ] INFO  FXGLApplication      - Game initialization took: 0,135 sec
12:49:00.986 [JavaFX Application Thread] DEBUG Input                - Clearing active input actions
12:49:01.003 [JavaFX Application Thread] DEBUG GameApplicationServi - Removing overlay from FXGLLoadingScene and adding to GameScene
12:49:01.004 [JavaFX Application Thread] DEBUG PrimaryStageWindow   - FXGLLoadingScene -> GameScene
12:49:01.504 [FXGL Background Thread 2 ] INFO  UpdaterService       - Your current version:  17.3
12:49:01.504 [FXGL Background Thread 2 ] INFO  UpdaterService       - Latest stable version: 21.1
12:49:03.752 [FXGL Background Thread 3 ] DEBUG Engine               - Logging environment variables
12:49:03.752 [FXGL Background Thread 3 ] DEBUG Engine               - achievements: []
12:49:03.752 [FXGL Background Thread 3 ] DEBUG Engine               - actualHeight: 720.0
12:49:03.752 [FXGL Background Thread 3 ] DEBUG Engine               - actualHeightProperty: ReadOnlyDoubleProperty [value: 720.0]
12:49:03.752 [FXGL Background Thread 3 ] DEBUG Engine               - actualWidth: 1280.0
12:49:03.752 [FXGL Background Thread 3 ] DEBUG Engine               - actualWidthProperty: ReadOnlyDoubleProperty [value: 1280.0]
12:49:03.752 [FXGL Background Thread 3 ] DEBUG Engine               - appIcon: fxgl_icon.png
12:49:03.752 [FXGL Background Thread 3 ] DEBUG Engine               - applicationMode: DEVELOPER
12:49:03.752 [FXGL Background Thread 3 ] DEBUG Engine               - cSSList: [fxgl_dark.css]
12:49:03.752 [FXGL Background Thread 3 ] DEBUG Engine               - collisionDetectionStrategy: BRUTE_FORCE
12:49:03.752 [FXGL Background Thread 3 ] DEBUG Engine               - configClass: Optional.empty
12:49:03.752 [FXGL Background Thread 3 ] DEBUG Engine               - credits: []
12:49:03.753 [FXGL Background Thread 3 ] DEBUG Engine               - defaultCursor: CursorInfo(imageName=fxgl_default_cursor.png, hotspotX=7.0, hotspotY=6.0)
12:49:03.753 [FXGL Background Thread 3 ] DEBUG Engine               - devBBoxColorProperty: ObjectProperty [value: 0xff0000ff]
12:49:03.753 [FXGL Background Thread 3 ] DEBUG Engine               - devEnableDebugCameraProperty: BooleanProperty [value: false]
12:49:03.753 [FXGL Background Thread 3 ] DEBUG Engine               - devSensorColorProperty: ObjectProperty [value: 0xffff00ff]
12:49:03.753 [FXGL Background Thread 3 ] DEBUG Engine               - devShowBBoxProperty: BooleanProperty [value: false]
12:49:03.753 [FXGL Background Thread 3 ] DEBUG Engine               - devShowPositionProperty: BooleanProperty [value: false]
12:49:03.753 [FXGL Background Thread 3 ] DEBUG Engine               - enabledMenuItems: []
12:49:03.753 [FXGL Background Thread 3 ] DEBUG Engine               - engineServices: [class com.almasb.fxgl.app.services.FXGLAssetLoaderService, class com.almasb.fxgl.app.FXGLApplication$GameApplicationService, class com.almasb.fxgl.app.services.FXGLDialogService, class com.almasb.fxgl.app.services.IOTaskExecutorService, class com.almasb.fxgl.io.FileSystemService, class com.almasb.fxgl.localization.LocalizationService, class com.almasb.fxgl.app.services.SystemBundleService, class com.almasb.fxgl.profile.SaveLoadService, class com.almasb.fxgl.ui.FXGLUIFactoryServiceProvider, class com.almasb.fxgl.ui.FXGLDialogFactoryServiceProvider, class com.almasb.fxgl.audio.AudioPlayer, class com.almasb.fxgl.notification.impl.NotificationServiceProvider, class com.almasb.fxgl.achievement.AchievementService, class com.almasb.fxgl.cutscene.CutsceneService, class com.almasb.fxgl.minigames.MiniGameService, class com.almasb.fxgl.net.NetService, class com.almasb.fxgl.app.services.UpdaterService, class com.almasb.fxgl.dev.DevService]
12:49:03.753 [FXGL Background Thread 3 ] DEBUG Engine               - fontGame: Abel-Regular.ttf
12:49:03.753 [FXGL Background Thread 3 ] DEBUG Engine               - fontMono: TerminalLandMono-Regular.otf
12:49:03.753 [FXGL Background Thread 3 ] DEBUG Engine               - fontSizeScaleUI: 1.0
12:49:03.753 [FXGL Background Thread 3 ] DEBUG Engine               - fontText: Courier-Prime.ttf
12:49:03.753 [FXGL Background Thread 3 ] DEBUG Engine               - fontUI: VarelaRound-Regular.ttf
12:49:03.753 [FXGL Background Thread 3 ] DEBUG Engine               - fullScreen: BooleanProperty [value: false]
12:49:03.753 [FXGL Background Thread 3 ] DEBUG Engine               - gameDifficulty: MEDIUM
12:49:03.753 [FXGL Background Thread 3 ] DEBUG Engine               - gameDifficultyProperty: ObjectProperty [value: MEDIUM]
12:49:03.753 [FXGL Background Thread 3 ] DEBUG Engine               - globalMusicVolume: 0.5
12:49:03.753 [FXGL Background Thread 3 ] DEBUG Engine               - globalMusicVolumeProperty: DoubleProperty [value: 0.5]
12:49:03.753 [FXGL Background Thread 3 ] DEBUG Engine               - globalSoundVolume: 0.5
12:49:03.753 [FXGL Background Thread 3 ] DEBUG Engine               - globalSoundVolumeProperty: DoubleProperty [value: 0.5]
12:49:03.753 [FXGL Background Thread 3 ] DEBUG Engine               - height: 720
12:49:03.753 [FXGL Background Thread 3 ] DEBUG Engine               - is3D: false
12:49:03.753 [FXGL Background Thread 3 ] DEBUG Engine               - isAndroid: false
12:49:03.753 [FXGL Background Thread 3 ] DEBUG Engine               - isBrowser: false
12:49:03.753 [FXGL Background Thread 3 ] DEBUG Engine               - isClickFeedbackEnabled: false
12:49:03.753 [FXGL Background Thread 3 ] DEBUG Engine               - isCloseConfirmation: false
12:49:03.753 [FXGL Background Thread 3 ] DEBUG Engine               - isDesktop: true
12:49:03.753 [FXGL Background Thread 3 ] DEBUG Engine               - isDeveloperMenuEnabled: false
12:49:03.754 [FXGL Background Thread 3 ] DEBUG Engine               - isEmbedded: false
12:49:03.754 [FXGL Background Thread 3 ] DEBUG Engine               - isEntityPreloadEnabled: true
12:49:03.754 [FXGL Background Thread 3 ] DEBUG Engine               - isExperimentalTiledLargeMap: false
12:49:03.754 [FXGL Background Thread 3 ] DEBUG Engine               - isFileSystemWriteAllowed: true
12:49:03.754 [FXGL Background Thread 3 ] DEBUG Engine               - isFullScreenAllowed: true
12:49:03.754 [FXGL Background Thread 3 ] DEBUG Engine               - isFullScreenFromStart: false
12:49:03.754 [FXGL Background Thread 3 ] DEBUG Engine               - isGameMenuEnabled: true
12:49:03.754 [FXGL Background Thread 3 ] DEBUG Engine               - isIOS: false
12:49:03.754 [FXGL Background Thread 3 ] DEBUG Engine               - isIntroEnabled: false
12:49:03.754 [FXGL Background Thread 3 ] DEBUG Engine               - isLinux: false
12:49:03.754 [FXGL Background Thread 3 ] DEBUG Engine               - isMac: false
12:49:03.754 [FXGL Background Thread 3 ] DEBUG Engine               - isMainMenuEnabled: false
12:49:03.754 [FXGL Background Thread 3 ] DEBUG Engine               - isManualResizeEnabled: false
12:49:03.754 [FXGL Background Thread 3 ] DEBUG Engine               - isMobile: false
12:49:03.754 [FXGL Background Thread 3 ] DEBUG Engine               - isNative: false
12:49:03.754 [FXGL Background Thread 3 ] DEBUG Engine               - isPauseMusicWhenMinimized: true
12:49:03.754 [FXGL Background Thread 3 ] DEBUG Engine               - isPreserveResizeRatio: false
12:49:03.754 [FXGL Background Thread 3 ] DEBUG Engine               - isProfilingEnabled: false
12:49:03.754 [FXGL Background Thread 3 ] DEBUG Engine               - isScaleAffectedOnResize: true
12:49:03.754 [FXGL Background Thread 3 ] DEBUG Engine               - isSingleStep: false
12:49:03.754 [FXGL Background Thread 3 ] DEBUG Engine               - isUserProfileEnabled: false
12:49:03.754 [FXGL Background Thread 3 ] DEBUG Engine               - isWindows: true
12:49:03.754 [FXGL Background Thread 3 ] DEBUG Engine               - language: ObjectProperty [value: RUSSIAN]
12:49:03.754 [FXGL Background Thread 3 ] DEBUG Engine               - menuKey: ESCAPE
12:49:03.754 [FXGL Background Thread 3 ] DEBUG Engine               - mouseSensitivity: 0.2
12:49:03.754 [FXGL Background Thread 3 ] DEBUG Engine               - notificationViewClass: class com.almasb.fxgl.notification.view.XboxNotificationView
12:49:03.754 [FXGL Background Thread 3 ] DEBUG Engine               - pixelsPerMeter: 50.0
12:49:03.754 [FXGL Background Thread 3 ] DEBUG Engine               - platform: WINDOWS
12:49:03.754 [FXGL Background Thread 3 ] DEBUG Engine               - prefHeightProperty: ReadOnlyDoubleProperty [value: 720.0]
12:49:03.754 [FXGL Background Thread 3 ] DEBUG Engine               - prefWidthProperty: ReadOnlyDoubleProperty [value: 1280.0]
12:49:03.754 [FXGL Background Thread 3 ] DEBUG Engine               - profileDir: profiles/
12:49:03.754 [FXGL Background Thread 3 ] DEBUG Engine               - profileName: StringProperty [value: DEFAULT]
12:49:03.754 [FXGL Background Thread 3 ] DEBUG Engine               - randomSeed: -1
12:49:03.755 [FXGL Background Thread 3 ] DEBUG Engine               - runtimeInfo: RuntimeInfo(platform=WINDOWS, version=17.3, build=30.03.2023 11.49)
12:49:03.755 [FXGL Background Thread 3 ] DEBUG Engine               - saveFileExt: sav
12:49:03.755 [FXGL Background Thread 3 ] DEBUG Engine               - scaledHeightProp$fxgl: DoubleProperty [bound, value: 720.0]
12:49:03.755 [FXGL Background Thread 3 ] DEBUG Engine               - scaledWidthProp$fxgl: DoubleProperty [bound, value: 1280.0]
12:49:03.755 [FXGL Background Thread 3 ] DEBUG Engine               - sceneFactory: com.almasb.fxgl.app.scene.SceneFactory@254e452b
12:49:03.755 [FXGL Background Thread 3 ] DEBUG Engine               - secondsIn24h: 60
12:49:03.755 [FXGL Background Thread 3 ] DEBUG Engine               - soundMenuBack: menu/back.wav
12:49:03.755 [FXGL Background Thread 3 ] DEBUG Engine               - soundMenuPress: menu/press.wav
12:49:03.755 [FXGL Background Thread 3 ] DEBUG Engine               - soundMenuSelect: menu/select.wav
12:49:03.755 [FXGL Background Thread 3 ] DEBUG Engine               - soundNotification: core/notification.wav
12:49:03.755 [FXGL Background Thread 3 ] DEBUG Engine               - stageStyle: DECORATED
12:49:03.755 [FXGL Background Thread 3 ] DEBUG Engine               - supportedLanguages: [ENGLISH, FRENCH, GERMAN, HUNGARIAN, RUSSIAN]
12:49:03.755 [FXGL Background Thread 3 ] DEBUG Engine               - ticksPerSecond: -1
12:49:03.755 [FXGL Background Thread 3 ] DEBUG Engine               - title: Hex Strategy
12:49:03.755 [FXGL Background Thread 3 ] DEBUG Engine               - urlGithub: https://github.com/AlmasB/FXGL
12:49:03.755 [FXGL Background Thread 3 ] DEBUG Engine               - urlLeaderboard: http://fxgl-top.herokuapp.com/
12:49:03.755 [FXGL Background Thread 3 ] DEBUG Engine               - urlPOM: https://raw.githubusercontent.com/AlmasB/FXGL/release/README.md
12:49:03.755 [FXGL Background Thread 3 ] DEBUG Engine               - userAppClass: class org.example.hexgame.HexStrategy
12:49:03.755 [FXGL Background Thread 3 ] DEBUG Engine               - version: 0.0
12:49:03.755 [FXGL Background Thread 3 ] DEBUG Engine               - versionCheckDays: 7
12:49:03.755 [FXGL Background Thread 3 ] DEBUG Engine               - width: 1280
12:49:03.755 [FXGL Background Thread 3 ] DEBUG Engine               - Logging services
12:49:03.755 [FXGL Background Thread 3 ] DEBUG Engine               - class com.almasb.fxgl.app.services.FXGLAssetLoaderService
12:49:03.755 [FXGL Background Thread 3 ] DEBUG Engine               - class com.almasb.fxgl.app.FXGLApplication$GameApplicationService
12:49:03.755 [FXGL Background Thread 3 ] DEBUG Engine               - class com.almasb.fxgl.app.services.FXGLDialogService
12:49:03.755 [FXGL Background Thread 3 ] DEBUG Engine               - class com.almasb.fxgl.app.services.IOTaskExecutorService
12:49:03.755 [FXGL Background Thread 3 ] DEBUG Engine               - class com.almasb.fxgl.io.FileSystemService
12:49:03.755 [FXGL Background Thread 3 ] DEBUG Engine               - class com.almasb.fxgl.localization.LocalizationService
12:49:03.755 [FXGL Background Thread 3 ] DEBUG Engine               - class com.almasb.fxgl.app.services.SystemBundleService
12:49:03.755 [FXGL Background Thread 3 ] DEBUG Engine               - class com.almasb.fxgl.profile.SaveLoadService
12:49:03.755 [FXGL Background Thread 3 ] DEBUG Engine               - class com.almasb.fxgl.ui.FXGLUIFactoryServiceProvider
12:49:03.755 [FXGL Background Thread 3 ] DEBUG Engine               - class com.almasb.fxgl.ui.FXGLDialogFactoryServiceProvider
12:49:03.755 [FXGL Background Thread 3 ] DEBUG Engine               - class com.almasb.fxgl.audio.AudioPlayer
12:49:03.755 [FXGL Background Thread 3 ] DEBUG Engine               - class com.almasb.fxgl.notification.impl.NotificationServiceProvider
12:49:03.756 [FXGL Background Thread 3 ] DEBUG Engine               - class com.almasb.fxgl.achievement.AchievementService
12:49:03.756 [FXGL Background Thread 3 ] DEBUG Engine               - class com.almasb.fxgl.cutscene.CutsceneService
12:49:03.756 [FXGL Background Thread 3 ] DEBUG Engine               - class com.almasb.fxgl.minigames.MiniGameService
12:49:03.756 [FXGL Background Thread 3 ] DEBUG Engine               - class com.almasb.fxgl.net.NetService
12:49:03.756 [FXGL Background Thread 3 ] DEBUG Engine               - class com.almasb.fxgl.app.services.UpdaterService
12:49:03.756 [FXGL Background Thread 3 ] DEBUG Engine               - class com.almasb.fxgl.dev.DevService
12:49:20.539 [JavaFX Application Thread] DEBUG PrimaryStageWindow   - Push state: FXGLDefaultMenu
12:49:20.542 [JavaFX Application Thread] DEBUG Input                - Clearing active input actions
12:49:20.543 [JavaFX Application Thread] DEBUG GameApplicationServi - Removing overlay from GameScene and adding to FXGLDefaultMenu
12:49:20.543 [JavaFX Application Thread] DEBUG PrimaryStageWindow   - GameScene -> FXGLDefaultMenu
12:49:24.977 [JavaFX Application Thread] DEBUG PrimaryStageWindow   - Pop state: FXGLDefaultMenu
12:49:24.977 [JavaFX Application Thread] DEBUG Input                - Clearing active input actions
12:49:24.977 [JavaFX Application Thread] DEBUG GameApplicationServi - Removing overlay from FXGLDefaultMenu and adding to GameScene
12:49:24.978 [JavaFX Application Thread] DEBUG PrimaryStageWindow   - GameScene <- FXGLDefaultMenu
12:50:18.396 [JavaFX Application Thread] DEBUG FXGLApplication      - Exiting FXGL
12:50:18.396 [JavaFX Application Thread] DEBUG LoopRunner           - Stopping loop
12:50:18.396 [JavaFX Application Thread] DEBUG SystemBundleService  - Saving FXGL system data
12:50:18.398 [JavaFX Application Thread] DEBUG FileSystemAccess     - Writing to: C:\Users\Admin\Desktop\HexGame\system\fxgl.bundle
12:50:18.399 [JavaFX Application Thread] DEBUG Async                - Shutting down background threads
12:50:18.400 [JavaFX Application Thread] DEBUG PrimaryStageWindow   - Closing main window
12:50:18.411 [JavaFX Application Thread] DEBUG Logger               - Closing Logger
